// Jest Snapshot v1, https://goo.gl/fbAQLP

exports[`Render Buttons component should render Buttons component correctly 1`] = `ShallowWrapper {}`;
