// Jest Snapshot v1, https://goo.gl/fbAQLP

exports[`Render UserProfileTopicsChart component should render UserProfileTopicsChart component correctly 1`] = `ShallowWrapper {}`;
