// Jest Snapshot v1, https://goo.gl/fbAQLP

exports[`Render Chart component should render Chart component correctly 1`] = `ShallowWrapper {}`;
